#
# A fatal error has been detected by the Java Runtime Environment:
#
#  SIGSEGV (0xb) at pc=0x0000751826785637, pid=30435, tid=30467
#
# JRE version: OpenJDK Runtime Environment (21.0.7+6) (build 21.0.7+6-Ubuntu-0ubuntu124.10)
# Java VM: OpenJDK 64-Bit Server VM (21.0.7+6-Ubuntu-0ubuntu124.10, mixed mode, sharing, tiered, compressed oops, compressed class ptrs, g1 gc, linux-amd64)
# Problematic frame:
# V  [libjvm.so+0x385637]  MachSpillCopyNode::ideal_reg() const+0x17
#
# No core dump will be written. Core dumps have been disabled. To enable core dumping, try "ulimit -c unlimited" before starting Java again
#
# If you would like to submit a bug report, please visit:
#   https://bugs.launchpad.net/ubuntu/+source/openjdk-21
#

---------------  S U M M A R Y ------------

Command Line: -Dclassworlds.conf=/usr/lib/apache-netbeans/java/maven/bin/m2.conf -Dmaven.home=/usr/lib/apache-netbeans/java/maven -Dlibrary.jansi.path=/usr/lib/apache-netbeans/java/maven/lib/jansi-native -Dmaven.multiModuleProjectDirectory=/home/italo/Escritorio/desarrollo/tp2-grupal/Practico_Grupal_2_JPA org.codehaus.plexus.classworlds.launcher.Launcher -Dexec.vmArgs= -Dexec.args=${exec.vmArgs} -classpath %classpath ${exec.mainClass} ${exec.appArgs} -Dexec.executable=/usr/lib/jvm/java-21-openjdk-amd64/bin/java -Dexec.mainClass=com.mycompany.practico_grupal_2_jpa.Practico_Grupal_2_JPA -Dexec.classpathScope=runtime -Dexec.appArgs= -Dmaven.ext.class.path=/usr/lib/apache-netbeans/java/maven-nblib/netbeans-eventspy.jar --no-transfer-progress process-classes org.codehaus.mojo:exec-maven-plugin:3.1.0:exec

Host: Intel(R) Core(TM) i7-2620M CPU @ 2.70GHz, 4 cores, 3G, Ubuntu 24.10
Time: Mon Sep 14 08:21:37 2026 -03 elapsed time: 2.594744 seconds (0d 0h 0m 2s)

---------------  T H R E A D  ---------------

Current thread (0x00007518200d5bf0):  JavaThread "C2 CompilerThread0" daemon [_thread_in_native, id=30467, stack(0x00007517f9c00000,0x00007517f9d00000) (1024K)]


Current CompileTask:
C2:2594 2844       4       org.codehaus.plexus.util.xml.pull.MXParser::parseStartTag (1205 bytes)

Stack: [0x00007517f9c00000,0x00007517f9d00000],  sp=0x00007517f9cfc278,  free space=1008k
Native frames: (J=compiled Java code, j=interpreted, Vv=VM code, C=native code)
V  [libjvm.so+0x385637]  MachSpillCopyNode::ideal_reg() const+0x17
V  [libjvm.so+0x5cb6b4]  PhaseChaitin::Register_Allocate()+0x7e4
V  [libjvm.so+0x678fec]  Compile::Code_Gen()+0x30c
V  [libjvm.so+0x67d011]  Compile::Compile(ciEnv*, ciMethod*, int, Options, DirectiveSet*)+0x16b1
V  [libjvm.so+0x59ca7d]  C2Compiler::compile_method(ciEnv*, ciMethod*, int, bool, DirectiveSet*)+0x19d
V  [libjvm.so+0x682f4f]  CompileBroker::invoke_compiler_on_method(CompileTask*)+0xc7f
V  [libjvm.so+0x686288]  CompileBroker::compiler_thread_loop()+0x6d8
V  [libjvm.so+0x947dc6]  JavaThread::thread_main_inner()+0x1e6
V  [libjvm.so+0xfd3537]  Thread::call_run()+0xa7
V  [libjvm.so+0xd3d1d5]  thread_native_entry(Thread*)+0xd5
C  [libc.so.6+0xa1e2e]

siginfo: si_signo: 11 (SIGSEGV), si_code: 1 (SEGV_MAPERR), si_addr: 0x0000751c307e4cd4

Registers:
RAX=0x0000751c307e4cc0, RBX=0x0000000000000bcd, RCX=0x0000000000000000, RDX=0x00007517803d5df0
RSP=0x00007517f9cfc278, RBP=0x00007517f9cfc300, RSI=0x0000000000000000, RDI=0x000075182061a8f8
R8 =0x00000000ffffffff, R9 =0x00007517f9cfc6d0, R10=0x00007517803d5c70, R11=0x0000000000000005
R12=0x000075182061a8f8, R13=0x000075178c57c088, R14=0x0000000000000001, R15=0x00007517f9cfc6d0
RIP=0x0000751826785637, EFLAGS=0x0000000000010206, CSGSFS=0x002b000000000033, ERR=0x0000000000000004
  TRAPNO=0x000000000000000e

XMM[0]=0x0000000000000000 0x3e2d1702de4e9a73
XMM[1]=0x0001000100010001 0x0001000105555455
XMM[2]=0x0001000100010001 0x0001000100010001
XMM[3]=0x0000000000000000 0x0000000000010001
XMM[4]=0x0000000000000000 0x0000000000000000
XMM[5]=0xffffffffffff0000 0x0000000000000000
XMM[6]=0x0000000000000000 0x0000000000000000
XMM[7]=0xffffffffffff0000 0x0000000000000000
XMM[8]=0x000075177c17fd80 0x000075177c17fb20
XMM[9]=0x0000000000000000 0x46293e5939a08cea
XMM[10]=0x0000000000000000 0x4376345785d8a000
XMM[11]=0x00007517803d5eb0 0x00007517803d5e50
XMM[12]=0x0000000000000000 0x0000000000000000
XMM[13]=0x0000000000000000 0x0000000000000000
XMM[14]=0x0000000000000000 0x0000000000000000
XMM[15]=0xcafebabecafebabe 0xcafebabecafebabe
  MXCSR=0x00001fa2


Register to memory mapping:

RAX=0x0000751c307e4cc0 is an unknown value
RBX=0x0000000000000bcd is an unknown value
RCX=0x0 is null
RDX=0x00007517803d5df0 points into unknown readable memory: 0x000300030ffffcff | ff fc ff 0f 03 00 03 00
RSP=0x00007517f9cfc278 is pointing into the stack for thread: 0x00007518200d5bf0
RBP=0x00007517f9cfc300 is pointing into the stack for thread: 0x00007518200d5bf0
RSI=0x0 is null
RDI=0x000075182061a8f8 points into unknown readable memory: 0x000075182785c828 | 28 c8 85 27 18 75 00 00
R8 =0x00000000ffffffff points into unknown readable memory: 00
R9 =0x00007517f9cfc6d0 is pointing into the stack for thread: 0x00007518200d5bf0
R10=0x00007517803d5c70 points into unknown readable memory: 0x0001000105555455 | 55 54 55 05 01 00 01 00
R11=0x0000000000000005 is an unknown value
R12=0x000075182061a8f8 points into unknown readable memory: 0x000075182785c828 | 28 c8 85 27 18 75 00 00
R13=0x000075178c57c088 points into unknown readable memory: 0x0000000000000000 | 00 00 00 00 00 00 00 00
R14=0x0000000000000001 is an unknown value
R15=0x00007517f9cfc6d0 is pointing into the stack for thread: 0x00007518200d5bf0

Top of Stack: (sp=0x00007517f9cfc278)
0x00007517f9cfc278:   00007518269c5223 00000000000000f2
0x00007517f9cfc288:   00000000000000c0 00000018f9cfc2b0
0x00007517f9cfc298:   01000000ffffffff 000075178c4705a0
0x00007517f9cfc2a8:   00007517f9cfc6d0 0000751700000003
0x00007517f9cfc2b8:   0000751820475f30 0000000000002f34
0x00007517f9cfc2c8:   00007517803d5df0 0000000000000000
0x00007517f9cfc2d8:   00007517f9cfc6d0 00007517f9cfc390
0x00007517f9cfc2e8:   00007517f9cfc4c0 00007517f9cfc460
0x00007517f9cfc2f8:   000075177c00d4e0 00007517f9cfc5b0
0x00007517f9cfc308:   00007518269cb6b4 000075178c551ec0
0x00007517f9cfc318:   00007518000012e6 00007517f9cfc360
0x00007517f9cfc328:   00000000000003d8 000075177c00d4e0
0x00007517f9cfc338:   000075177c00d4f0 00007517f9cfc3c0
0x00007517f9cfc348:   000075177c00d8c8 00007517f9cfc400
0x00007517f9cfc358:   000075177c00d4f0 0000000000000007
0x00007517f9cfc368:   000075178c0e0b90 000075178c0e0b90
0x00007517f9cfc378:   000075178c0e0ba0 000075178c0e0f78
0x00007517f9cfc388:   00000000000003d8 0000751700000007
0x00007517f9cfc398:   000075177c00d4e0 000075178c5001f0
0x00007517f9cfc3a8:   000075178c5817d0 000075178c5817d0
0x00007517f9cfc3b8:   00000000000fcce8 000075170000000c
0x00007517f9cfc3c8:   00007517f9cfdb90 000075178c484ea0
0x00007517f9cfc3d8:   0000751700001200 000075178c500200
0x00007517f9cfc3e8:   0000751700000c52 00007517f9cfc390
0x00007517f9cfc3f8:   000075177c00d4f0 0000751827840000
0x00007517f9cfc408:   0000000000000000 00007517f9cfdb90
0x00007517f9cfc418:   00007517f9cfc600 0000751700001360
0x00007517f9cfc428:   000075182756f3eb 0000000000000000
0x00007517f9cfc438:   00007517f9cfdb90 0000000000000000
0x00007517f9cfc448:   000075182756f3eb 00007517f9cfc400
0x00007517f9cfc458:   0000000000007fd8 000000000000000a
0x00007517f9cfc468:   00007517f9cfdb90 000075178c577f70 

Instructions: (pc=0x0000751826785637)
0x0000751826785537:   98 00 c3 66 0f 1f 44 00 00 f3 0f 1e fa 48 8b 47
0x0000751826785547:   38 48 85 c0 74 13 48 8b 38 48 8b 07 ff a0 d8 00
0x0000751826785557:   00 00 0f 1f 80 00 00 00 00 48 8d 05 11 4d 21 01
0x0000751826785567:   48 8b 00 c3 0f 1f 44 00 00 f3 0f 1e fa 48 8b 47
0x0000751826785577:   40 c3 0f 1f 80 00 00 00 00 f3 0f 1e fa 48 8d 05
0x0000751826785587:   a5 4a 21 01 48 8b 00 c3 90 f3 0f 1e fa b8 04 00
0x0000751826785597:   00 00 c3 66 0f 1f 44 00 00 f3 0f 1e fa b8 01 00
0x00007518267855a7:   00 00 c3 66 0f 1f 44 00 00 f3 0f 1e fa 48 8d 05
0x00007518267855b7:   05 51 1f 01 c3 0f 1f 40 00 f3 0f 1e fa 48 8d 05
0x00007518267855c7:   ad 4c 21 01 48 8b 00 c3 90 f3 0f 1e fa b8 76 00
0x00007518267855d7:   00 00 c3 66 0f 1f 44 00 00 f3 0f 1e fa b8 60 00
0x00007518267855e7:   00 00 c3 66 0f 1f 44 00 00 f3 0f 1e fa 48 8b 47
0x00007518267855f7:   48 c3 0f 1f 80 00 00 00 00 f3 0f 1e fa 48 8b 47
0x0000751826785607:   40 c3 0f 1f 80 00 00 00 00 f3 0f 1e fa 48 8b 47
0x0000751826785617:   50 c3 0f 1f 80 00 00 00 00 f3 0f 1e fa 48 8b 47
0x0000751826785627:   50 48 63 40 10 48 c1 e0 05 48 03 05 09 c6 18 01
0x0000751826785637:   8b 40 14 c3 0f 1f 44 00 00 f3 0f 1e fa b8 01 00
0x0000751826785647:   00 00 c3 66 0f 1f 44 00 00 f3 0f 1e fa 48 8b 47
0x0000751826785657:   60 c3 0f 1f 80 00 00 00 00 f3 0f 1e fa 31 c0 c3
0x0000751826785667:   66 0f 1f 84 00 00 00 00 00 f3 0f 1e fa 31 c0 c3
0x0000751826785677:   66 0f 1f 84 00 00 00 00 00 f3 0f 1e fa 31 c0 c3
0x0000751826785687:   66 0f 1f 84 00 00 00 00 00 f3 0f 1e fa 48 8b 47
0x0000751826785697:   08 c3 0f 1f 80 00 00 00 00 f3 0f 1e fa 31 c0 c3
0x00007518267856a7:   66 0f 1f 84 00 00 00 00 00 f3 0f 1e fa 48 8b 47
0x00007518267856b7:   08 c3 0f 1f 80 00 00 00 00 f3 0f 1e fa b8 02 00
0x00007518267856c7:   00 00 c3 66 0f 1f 44 00 00 f3 0f 1e fa 8b 52 28
0x00007518267856d7:   48 8b 46 18 0f bf 44 90 02 2d 48 02 00 00 c3 66
0x00007518267856e7:   2e 0f 1f 84 00 00 00 00 00 f3 0f 1e fa 48 8b 42
0x00007518267856f7:   08 89 c9 48 8b 04 c8 8b 50 28 48 8b 46 18 0f bf
0x0000751826785707:   44 90 02 2d 48 02 00 00 c3 f3 0f 1e fa b8 03 00
0x0000751826785717:   00 00 c3 66 0f 1f 44 00 00 f3 0f 1e fa 8b 52 28
0x0000751826785727:   48 8b 46 18 0f bf 44 90 02 2d 48 02 00 00 c3 66 


Stack slot to memory mapping:

stack at sp + 0 slots: 0x00007518269c5223: <offset 0x00000000005c5223> in /usr/lib/jvm/java-21-openjdk-amd64/lib/server/libjvm.so at 0x0000751826400000
stack at sp + 1 slots: 0x00000000000000f2 is an unknown value
stack at sp + 2 slots: 0x00000000000000c0 is an unknown value
stack at sp + 3 slots: 0x00000018f9cfc2b0 is an unknown value
stack at sp + 4 slots: 0x01000000ffffffff is an unknown value
stack at sp + 5 slots: 0x000075178c4705a0 points into unknown readable memory: 0x000075182783f9c8 | c8 f9 83 27 18 75 00 00
stack at sp + 6 slots: 0x00007517f9cfc6d0 is pointing into the stack for thread: 0x00007518200d5bf0
stack at sp + 7 slots: 0x0000751700000003 is an unknown value


---------------  P R O C E S S  ---------------

Threads class SMR info:
_java_thread_list=0x000075178015fbd0, length=11, elements={
0x0000751820019a90, 0x00007518200ce6a0, 0x00007518200cfd30, 0x00007518200d14d0,
0x00007518200d2b10, 0x00007518200d40b0, 0x00007518200d5bf0, 0x00007518200d72b0,
0x00007518201130f0, 0x0000751820116420, 0x0000751780168990
}

Java Threads: ( => current thread )
  0x0000751820019a90 JavaThread "main"                              [_thread_in_Java, id=30454, stack(0x0000751825f00000,0x0000751826000000) (1024K)]
  0x00007518200ce6a0 JavaThread "Reference Handler"          daemon [_thread_blocked, id=30462, stack(0x0000751808100000,0x0000751808200000) (1024K)]
  0x00007518200cfd30 JavaThread "Finalizer"                  daemon [_thread_blocked, id=30463, stack(0x0000751808000000,0x0000751808100000) (1024K)]
  0x00007518200d14d0 JavaThread "Signal Dispatcher"          daemon [_thread_blocked, id=30464, stack(0x00007517f9f00000,0x00007517fa000000) (1024K)]
  0x00007518200d2b10 JavaThread "Service Thread"             daemon [_thread_blocked, id=30465, stack(0x00007517f9e00000,0x00007517f9f00000) (1024K)]
  0x00007518200d40b0 JavaThread "Monitor Deflation Thread"   daemon [_thread_blocked, id=30466, stack(0x00007517f9d00000,0x00007517f9e00000) (1024K)]
=>0x00007518200d5bf0 JavaThread "C2 CompilerThread0"         daemon [_thread_in_native, id=30467, stack(0x00007517f9c00000,0x00007517f9d00000) (1024K)]
  0x00007518200d72b0 JavaThread "C1 CompilerThread0"         daemon [_thread_in_native, id=30468, stack(0x00007517f9b00000,0x00007517f9c00000) (1024K)]
  0x00007518201130f0 JavaThread "Notification Thread"        daemon [_thread_blocked, id=30469, stack(0x00007517f9a00000,0x00007517f9b00000) (1024K)]
  0x0000751820116420 JavaThread "Common-Cleaner"             daemon [_thread_blocked, id=30470, stack(0x00007517f9900000,0x00007517f9a00000) (1024K)]
  0x0000751780168990 JavaThread "C2 CompilerThread1"         daemon [_thread_in_native, id=30472, stack(0x00007517f9800000,0x00007517f9900000) (1024K)]
Total: 11

Other Threads:
  0x00007518200c5570 VMThread "VM Thread"                           [id=30461, stack(0x00007518085ff000,0x00007518086ff000) (1024K)]
  0x00007518200b3b40 WatcherThread "VM Periodic Task Thread"        [id=30460, stack(0x0000751808700000,0x0000751808800000) (1024K)]
  0x000075182004f930 WorkerThread "GC Thread#0"                     [id=30455, stack(0x00007518247f0000,0x00007518248f0000) (1024K)]
  0x00007517a0006b70 WorkerThread "GC Thread#1"                     [id=30473, stack(0x00007517f9700000,0x00007517f9800000) (1024K)]
  0x00007517a000b0f0 WorkerThread "GC Thread#2"                     [id=30474, stack(0x00007517f9300000,0x00007517f9400000) (1024K)]
  0x00007517a000c8f0 WorkerThread "GC Thread#3"                     [id=30475, stack(0x00007517f91ff000,0x00007517f92ff000) (1024K)]
  0x00007518200576f0 ConcurrentGCThread "G1 Main Marker"            [id=30456, stack(0x00007518246ef000,0x00007518247ef000) (1024K)]
  0x00007518200586a0 WorkerThread "G1 Conc#0"                       [id=30457, stack(0x00007518245ee000,0x00007518246ee000) (1024K)]
  0x00007518200997d0 ConcurrentGCThread "G1 Refine#0"               [id=30458, stack(0x00007518240e9000,0x00007518241e9000) (1024K)]
  0x000075182009a790 ConcurrentGCThread "G1 Service"                [id=30459, stack(0x000075181ff00000,0x0000751820000000) (1024K)]
Total: 10

Threads with active compile tasks:
C2 CompilerThread0  2608 2844       4       org.codehaus.plexus.util.xml.pull.MXParser::parseStartTag (1205 bytes)
C1 CompilerThread0  2608 2994       1       org.apache.maven.model.PluginExecution::getId (5 bytes)
C2 CompilerThread1  2608 2924       4       org.codehaus.plexus.util.xml.pull.MXParser::nextImpl (1208 bytes)
Total: 3

VM state: not at safepoint (normal execution)

VM Mutex/Monitor currently owned by a thread: None

Heap address: 0x00000000cc200000, size: 830 MB, Compressed Oops mode: 32-bit

CDS archive(s) mapped at: [0x00007517ab000000-0x00007517abc97000-0x00007517abc97000), size 13201408, SharedBaseAddress: 0x00007517ab000000, ArchiveRelocationMode: 1.
Compressed class space mapped at: 0x00007517ac000000-0x00007517ec000000, reserved size: 1073741824
Narrow klass base: 0x00007517ab000000, Narrow klass shift: 0, Narrow klass range: 0x100000000

GC Precious Log:
 CardTable entry size: 512
 Card Set container configuration: InlinePtr #cards 5 size 8 Array Of Cards #cards 12 size 40 Howl #buckets 4 coarsen threshold 1843 Howl Bitmap #cards 512 size 80 coarsen threshold 460 Card regions per heap region 1 cards per card region 2048
 CPUs: 4 total, 4 available
 Memory: 3312M
 Large Page Support: Disabled
 NUMA Support: Disabled
 Compressed Oops: Enabled (32-bit)
 Heap Region Size: 1M
 Heap Min Capacity: 8M
 Heap Initial Capacity: 52M
 Heap Max Capacity: 830M
 Pre-touch: Disabled
 Parallel Workers: 4
 Concurrent Workers: 1
 Concurrent Refinement Workers: 4
 Periodic GC: Disabled

Heap:
 garbage-first heap   total 55296K, used 21128K [0x00000000cc200000, 0x0000000100000000)
  region size 1024K, 18 young (18432K), 4 survivors (4096K)
 Metaspace       used 15580K, committed 15808K, reserved 1114112K
  class space    used 1825K, committed 1920K, reserved 1048576K

Heap Regions: E=young(eden), S=young(survivor), O=old, HS=humongous(starts), HC=humongous(continues), CS=collection set, F=free, TAMS=top-at-mark-start, PB=parsable bottom
|   0|0x00000000cc200000, 0x00000000cc300000, 0x00000000cc300000|100%| O|  |TAMS 0x00000000cc200000| PB 0x00000000cc200000| Untracked 
|   1|0x00000000cc300000, 0x00000000cc400000, 0x00000000cc400000|100%| O|  |TAMS 0x00000000cc300000| PB 0x00000000cc300000| Untracked 
|   2|0x00000000cc400000, 0x00000000cc495bd8, 0x00000000cc500000| 58%| O|  |TAMS 0x00000000cc400000| PB 0x00000000cc400000| Untracked 
|   3|0x00000000cc500000, 0x00000000cc500000, 0x00000000cc600000|  0%| F|  |TAMS 0x00000000cc500000| PB 0x00000000cc500000| Untracked 
|   4|0x00000000cc600000, 0x00000000cc600000, 0x00000000cc700000|  0%| F|  |TAMS 0x00000000cc600000| PB 0x00000000cc600000| Untracked 
|   5|0x00000000cc700000, 0x00000000cc700000, 0x00000000cc800000|  0%| F|  |TAMS 0x00000000cc700000| PB 0x00000000cc700000| Untracked 
|   6|0x00000000cc800000, 0x00000000cc800000, 0x00000000cc900000|  0%| F|  |TAMS 0x00000000cc800000| PB 0x00000000cc800000| Untracked 
|   7|0x00000000cc900000, 0x00000000cc900000, 0x00000000cca00000|  0%| F|  |TAMS 0x00000000cc900000| PB 0x00000000cc900000| Untracked 
|   8|0x00000000cca00000, 0x00000000cca00000, 0x00000000ccb00000|  0%| F|  |TAMS 0x00000000cca00000| PB 0x00000000cca00000| Untracked 
|   9|0x00000000ccb00000, 0x00000000ccb00000, 0x00000000ccc00000|  0%| F|  |TAMS 0x00000000ccb00000| PB 0x00000000ccb00000| Untracked 
|  10|0x00000000ccc00000, 0x00000000ccc00000, 0x00000000ccd00000|  0%| F|  |TAMS 0x00000000ccc00000| PB 0x00000000ccc00000| Untracked 
|  11|0x00000000ccd00000, 0x00000000ccd00000, 0x00000000cce00000|  0%| F|  |TAMS 0x00000000ccd00000| PB 0x00000000ccd00000| Untracked 
|  12|0x00000000cce00000, 0x00000000cce00000, 0x00000000ccf00000|  0%| F|  |TAMS 0x00000000cce00000| PB 0x00000000cce00000| Untracked 
|  13|0x00000000ccf00000, 0x00000000ccf00000, 0x00000000cd000000|  0%| F|  |TAMS 0x00000000ccf00000| PB 0x00000000ccf00000| Untracked 
|  14|0x00000000cd000000, 0x00000000cd000000, 0x00000000cd100000|  0%| F|  |TAMS 0x00000000cd000000| PB 0x00000000cd000000| Untracked 
|  15|0x00000000cd100000, 0x00000000cd100000, 0x00000000cd200000|  0%| F|  |TAMS 0x00000000cd100000| PB 0x00000000cd100000| Untracked 
|  16|0x00000000cd200000, 0x00000000cd200000, 0x00000000cd300000|  0%| F|  |TAMS 0x00000000cd200000| PB 0x00000000cd200000| Untracked 
|  17|0x00000000cd300000, 0x00000000cd400000, 0x00000000cd400000|100%| S|CS|TAMS 0x00000000cd300000| PB 0x00000000cd300000| Complete 
|  18|0x00000000cd400000, 0x00000000cd500000, 0x00000000cd500000|100%| S|CS|TAMS 0x00000000cd400000| PB 0x00000000cd400000| Complete 
|  19|0x00000000cd500000, 0x00000000cd600000, 0x00000000cd600000|100%| S|CS|TAMS 0x00000000cd500000| PB 0x00000000cd500000| Complete 
|  20|0x00000000cd600000, 0x00000000cd700000, 0x00000000cd700000|100%| S|CS|TAMS 0x00000000cd600000| PB 0x00000000cd600000| Complete 
|  21|0x00000000cd700000, 0x00000000cd700000, 0x00000000cd800000|  0%| F|  |TAMS 0x00000000cd700000| PB 0x00000000cd700000| Untracked 
|  22|0x00000000cd800000, 0x00000000cd800000, 0x00000000cd900000|  0%| F|  |TAMS 0x00000000cd800000| PB 0x00000000cd800000| Untracked 
|  23|0x00000000cd900000, 0x00000000cd900000, 0x00000000cda00000|  0%| F|  |TAMS 0x00000000cd900000| PB 0x00000000cd900000| Untracked 
|  24|0x00000000cda00000, 0x00000000cda00000, 0x00000000cdb00000|  0%| F|  |TAMS 0x00000000cda00000| PB 0x00000000cda00000| Untracked 
|  25|0x00000000cdb00000, 0x00000000cdb00000, 0x00000000cdc00000|  0%| F|  |TAMS 0x00000000cdb00000| PB 0x00000000cdb00000| Untracked 
|  26|0x00000000cdc00000, 0x00000000cdc00000, 0x00000000cdd00000|  0%| F|  |TAMS 0x00000000cdc00000| PB 0x00000000cdc00000| Untracked 
|  27|0x00000000cdd00000, 0x00000000cdd00000, 0x00000000cde00000|  0%| F|  |TAMS 0x00000000cdd00000| PB 0x00000000cdd00000| Untracked 
|  28|0x00000000cde00000, 0x00000000cde00000, 0x00000000cdf00000|  0%| F|  |TAMS 0x00000000cde00000| PB 0x00000000cde00000| Untracked 
|  29|0x00000000cdf00000, 0x00000000cdf00000, 0x00000000ce000000|  0%| F|  |TAMS 0x00000000cdf00000| PB 0x00000000cdf00000| Untracked 
|  30|0x00000000ce000000, 0x00000000ce000000, 0x00000000ce100000|  0%| F|  |TAMS 0x00000000ce000000| PB 0x00000000ce000000| Untracked 
|  31|0x00000000ce100000, 0x00000000ce100000, 0x00000000ce200000|  0%| F|  |TAMS 0x00000000ce100000| PB 0x00000000ce100000| Untracked 
|  32|0x00000000ce200000, 0x00000000ce200000, 0x00000000ce300000|  0%| F|  |TAMS 0x00000000ce200000| PB 0x00000000ce200000| Untracked 
|  33|0x00000000ce300000, 0x00000000ce300000, 0x00000000ce400000|  0%| F|  |TAMS 0x00000000ce300000| PB 0x00000000ce300000| Untracked 
|  34|0x00000000ce400000, 0x00000000ce400000, 0x00000000ce500000|  0%| F|  |TAMS 0x00000000ce400000| PB 0x00000000ce400000| Untracked 
|  35|0x00000000ce500000, 0x00000000ce500000, 0x00000000ce600000|  0%| F|  |TAMS 0x00000000ce500000| PB 0x00000000ce500000| Untracked 
|  36|0x00000000ce600000, 0x00000000ce600000, 0x00000000ce700000|  0%| F|  |TAMS 0x00000000ce600000| PB 0x00000000ce600000| Untracked 
|  37|0x00000000ce700000, 0x00000000ce700000, 0x00000000ce800000|  0%| F|  |TAMS 0x00000000ce700000| PB 0x00000000ce700000| Untracked 
|  38|0x00000000ce800000, 0x00000000ce900000, 0x00000000ce900000|100%| E|  |TAMS 0x00000000ce800000| PB 0x00000000ce800000| Complete 
|  39|0x00000000ce900000, 0x00000000cea00000, 0x00000000cea00000|100%| E|CS|TAMS 0x00000000ce900000| PB 0x00000000ce900000| Complete 
|  40|0x00000000cea00000, 0x00000000ceb00000, 0x00000000ceb00000|100%| E|CS|TAMS 0x00000000cea00000| PB 0x00000000cea00000| Complete 
|  41|0x00000000ceb00000, 0x00000000cec00000, 0x00000000cec00000|100%| E|CS|TAMS 0x00000000ceb00000| PB 0x00000000ceb00000| Complete 
|  42|0x00000000cec00000, 0x00000000ced00000, 0x00000000ced00000|100%| E|CS|TAMS 0x00000000cec00000| PB 0x00000000cec00000| Complete 
|  43|0x00000000ced00000, 0x00000000cee00000, 0x00000000cee00000|100%| E|CS|TAMS 0x00000000ced00000| PB 0x00000000ced00000| Complete 
|  44|0x00000000cee00000, 0x00000000cef00000, 0x00000000cef00000|100%| E|CS|TAMS 0x00000000cee00000| PB 0x00000000cee00000| Complete 
|  45|0x00000000cef00000, 0x00000000cf000000, 0x00000000cf000000|100%| E|CS|TAMS 0x00000000cef00000| PB 0x00000000cef00000| Complete 
|  46|0x00000000cf000000, 0x00000000cf100000, 0x00000000cf100000|100%| E|CS|TAMS 0x00000000cf000000| PB 0x00000000cf000000| Complete 
|  47|0x00000000cf100000, 0x00000000cf200000, 0x00000000cf200000|100%| E|CS|TAMS 0x00000000cf100000| PB 0x00000000cf100000| Complete 
|  48|0x00000000cf200000, 0x00000000cf300000, 0x00000000cf300000|100%| E|CS|TAMS 0x00000000cf200000| PB 0x00000000cf200000| Complete 
|  49|0x00000000cf300000, 0x00000000cf400000, 0x00000000cf400000|100%| E|CS|TAMS 0x00000000cf300000| PB 0x00000000cf300000| Complete 
|  50|0x00000000cf400000, 0x00000000cf500000, 0x00000000cf500000|100%| E|CS|TAMS 0x00000000cf400000| PB 0x00000000cf400000| Complete 
|  51|0x00000000cf500000, 0x00000000cf600000, 0x00000000cf600000|100%| E|CS|TAMS 0x00000000cf500000| PB 0x00000000cf500000| Complete 
| 828|0x00000000ffe00000, 0x00000000fff00000, 0x00000000fff00000|100%| O|  |TAMS 0x00000000ffe00000| PB 0x00000000ffe00000| Untracked 
| 829|0x00000000fff00000, 0x00000000fff0c7a8, 0x0000000100000000|  4%| O|  |TAMS 0x00000000fff00000| PB 0x00000000fff00000| Untracked 

Card table byte_map: [0x00007518255e8000,0x0000751825787000] _byte_map_base: 0x0000751824f87000

Marking Bits: (CMBitMap*) 0x0000751820050460
 Bits: [0x00007518248f0000, 0x00007518255e8000)

Polling page: 0x0000751827c99000

Metaspace:

Usage:
  Non-class:     13,43 MB used.
      Class:      1,78 MB used.
       Both:     15,22 MB used.

Virtual space:
  Non-class space:       64,00 MB reserved,      13,56 MB ( 21%) committed,  1 nodes.
      Class space:        1,00 GB reserved,       1,88 MB ( <1%) committed,  1 nodes.
             Both:        1,06 GB reserved,      15,44 MB (  1%) committed. 

Chunk freelists:
   Non-Class:  2,02 MB
       Class:  13,97 MB
        Both:  15,98 MB

MaxMetaspaceSize: unlimited
CompressedClassSpaceSize: 1,00 GB
Initial GC threshold: 21,00 MB
Current GC threshold: 21,00 MB
CDS: on
 - commit_granule_bytes: 65536.
 - commit_granule_words: 8192.
 - virtual_space_node_default_size: 8388608.
 - enlarge_chunks_in_place: 1.
 - use_allocation_guard: 0.


Internal statistics:

num_allocs_failed_limit: 0.
num_arena_births: 160.
num_arena_deaths: 0.
num_vsnodes_births: 2.
num_vsnodes_deaths: 0.
num_space_committed: 247.
num_space_uncommitted: 0.
num_chunks_returned_to_freelist: 0.
num_chunks_taken_from_freelist: 679.
num_chunk_merges: 0.
num_chunk_splits: 477.
num_chunks_enlarged: 388.
num_inconsistent_stats: 0.

CodeHeap 'non-profiled nmethods': size=120032Kb used=1171Kb max_used=1171Kb free=118861Kb
 bounds [0x00007518102c8000, 0x0000751810538000, 0x0000751817800000]
CodeHeap 'profiled nmethods': size=120028Kb used=5871Kb max_used=5871Kb free=114156Kb
 bounds [0x0000751808800000, 0x0000751808dc0000, 0x000075180fd37000]
CodeHeap 'non-nmethods': size=5700Kb used=1371Kb max_used=1393Kb free=4328Kb
 bounds [0x000075180fd37000, 0x000075180ffa7000, 0x00007518102c8000]
 total_blobs=3471 nmethods=2988 adapters=388
 compilation: enabled
              stopped_count=0, restarted_count=0
 full_count=0

Compilation events (20 events):
Event: 2,559 Thread 0x00007518200d72b0 2932       3       java.lang.String::<init> (74 bytes)
Event: 2,559 Thread 0x0000751780168990 nmethod 2912 0x00007518103e7310 code [0x00007518103e74e0, 0x00007518103e7ce8]
Event: 2,559 Thread 0x0000751780168990 2924       4       org.codehaus.plexus.util.xml.pull.MXParser::nextImpl (1208 bytes)
Event: 2,559 Thread 0x00007518200d72b0 nmethod 2932 0x0000751808da4f10 code [0x0000751808da5100, 0x0000751808da54f0]
Event: 2,560 Thread 0x00007518200d72b0 2933       1       org.apache.maven.model.Contributor::setEmail (6 bytes)
Event: 2,560 Thread 0x00007518200d72b0 nmethod 2933 0x00007518103e8010 code [0x00007518103e81a0, 0x00007518103e82a8]
Event: 2,562 Thread 0x00007518200d72b0 2934       1       org.apache.maven.model.Contributor::setTimezone (6 bytes)
Event: 2,562 Thread 0x00007518200d72b0 nmethod 2934 0x00007518103e8310 code [0x00007518103e84a0, 0x00007518103e85a8]
Event: 2,565 Thread 0x00007518200d72b0 2937   !   3       org.apache.maven.model.Contributor::clone (126 bytes)
Event: 2,566 Thread 0x00007518200d72b0 nmethod 2937 0x0000751808da5610 code [0x0000751808da5940, 0x0000751808da6c50]
Event: 2,569 Thread 0x00007518200d72b0 2939   !   3       org.apache.maven.model.Plugin::clone (204 bytes)
Event: 2,571 Thread 0x00007518200d72b0 nmethod 2939 0x0000751808da7410 code [0x0000751808da7820, 0x0000751808da9528]
Event: 2,571 Thread 0x00007518200d72b0 2938   !   3       org.apache.maven.model.Developer::clone (51 bytes)
Event: 2,574 Thread 0x00007518200d72b0 nmethod 2938 0x0000751808daa190 code [0x0000751808daa400, 0x0000751808daae00]
Event: 2,574 Thread 0x00007518200d72b0 2940       3       org.eclipse.sisu.inject.LazyBeanEntry::getValue (10 bytes)
Event: 2,574 Thread 0x00007518200d72b0 nmethod 2940 0x0000751808dab210 code [0x0000751808dab3c0, 0x0000751808dab590]
Event: 2,574 Thread 0x00007518200d72b0 2941       3       org.eclipse.sisu.wire.EntryListAdapter$ValueIterator::hasNext (10 bytes)
Event: 2,574 Thread 0x00007518200d72b0 nmethod 2941 0x0000751808dab690 code [0x0000751808dab840, 0x0000751808daba10]
Event: 2,574 Thread 0x00007518200d72b0 2942       3       org.apache.maven.model.merge.MavenModelMerger::getPluginKey (5 bytes)
Event: 2,575 Thread 0x00007518200d72b0 nmethod 2942 0x0000751808dabb10 code [0x0000751808dabd40, 0x0000751808dac3b0]

GC Heap History (6 events):
Event: 0,512 GC heap before
{Heap before GC invocations=0 (full 0):
 garbage-first heap   total 55296K, used 14385K [0x00000000cc200000, 0x0000000100000000)
  region size 1024K, 13 young (13312K), 0 survivors (0K)
 Metaspace       used 4351K, committed 4544K, reserved 1114112K
  class space    used 466K, committed 576K, reserved 1048576K
}
Event: 0,518 GC heap after
{Heap after GC invocations=1 (full 0):
 garbage-first heap   total 55296K, used 3798K [0x00000000cc200000, 0x0000000100000000)
  region size 1024K, 2 young (2048K), 2 survivors (2048K)
 Metaspace       used 4351K, committed 4544K, reserved 1114112K
  class space    used 466K, committed 576K, reserved 1048576K
}
Event: 1,225 GC heap before
{Heap before GC invocations=1 (full 0):
 garbage-first heap   total 55296K, used 29398K [0x00000000cc200000, 0x0000000100000000)
  region size 1024K, 27 young (27648K), 2 survivors (2048K)
 Metaspace       used 7744K, committed 7936K, reserved 1114112K
  class space    used 888K, committed 960K, reserved 1048576K
}
Event: 1,233 GC heap after
{Heap after GC invocations=2 (full 0):
 garbage-first heap   total 55296K, used 4822K [0x00000000cc200000, 0x0000000100000000)
  region size 1024K, 3 young (3072K), 3 survivors (3072K)
 Metaspace       used 7744K, committed 7936K, reserved 1114112K
  class space    used 888K, committed 960K, reserved 1048576K
}
Event: 2,117 GC heap before
{Heap before GC invocations=2 (full 0):
 garbage-first heap   total 55296K, used 33494K [0x00000000cc200000, 0x0000000100000000)
  region size 1024K, 31 young (31744K), 3 survivors (3072K)
 Metaspace       used 13427K, committed 13696K, reserved 1114112K
  class space    used 1595K, committed 1728K, reserved 1048576K
}
Event: 2,128 GC heap after
{Heap after GC invocations=3 (full 0):
 garbage-first heap   total 55296K, used 7816K [0x00000000cc200000, 0x0000000100000000)
  region size 1024K, 4 young (4096K), 4 survivors (4096K)
 Metaspace       used 13427K, committed 13696K, reserved 1114112K
  class space    used 1595K, committed 1728K, reserved 1048576K
}

Dll operation events (8 events):
Event: 0,002 Loaded shared library /usr/lib/jvm/java-21-openjdk-amd64/lib/libjava.so
Event: 0,030 Loaded shared library /usr/lib/jvm/java-21-openjdk-amd64/lib/libjsvml.so
Event: 0,037 Loaded shared library /usr/lib/jvm/java-21-openjdk-amd64/lib/libnio.so
Event: 0,040 Loaded shared library /usr/lib/jvm/java-21-openjdk-amd64/lib/libzip.so
Event: 0,048 Loaded shared library /usr/lib/jvm/java-21-openjdk-amd64/lib/libnet.so
Event: 0,148 Loaded shared library /usr/lib/jvm/java-21-openjdk-amd64/lib/libjimage.so
Event: 0,159 Loaded shared library /tmp/jansi-2.4.1-37cc114faf317c87-libjansi.so
Event: 0,170 Loaded shared library /usr/lib/jvm/java-21-openjdk-amd64/lib/libverify.so

Deoptimization events (20 events):
Event: 2,509 Thread 0x0000751820019a90 Uncommon trap: trap_request=0xffffff45 fr.pc=0x00007518103735f8 relative=0x00000000000001d8
Event: 2,509 Thread 0x0000751820019a90 Uncommon trap: reason=unstable_if action=reinterpret pc=0x00007518103735f8 method=java.lang.String.indexOf(Ljava/lang/String;)I @ 10 c2
Event: 2,509 Thread 0x0000751820019a90 DEOPT PACKING pc=0x00007518103735f8 sp=0x0000751825ffce00
Event: 2,509 Thread 0x0000751820019a90 DEOPT UNPACKING pc=0x000075180fd8af99 sp=0x0000751825ffcdb0 mode 2
Event: 2,521 Thread 0x0000751820019a90 Uncommon trap: trap_request=0xffffff45 fr.pc=0x00007518103e1a94 relative=0x0000000000000634
Event: 2,521 Thread 0x0000751820019a90 Uncommon trap: reason=unstable_if action=reinterpret pc=0x00007518103e1a94 method=java.lang.StringLatin1.trim([B)Ljava/lang/String; @ 60 c2
Event: 2,521 Thread 0x0000751820019a90 DEOPT PACKING pc=0x00007518103e1a94 sp=0x0000751825ffd140
Event: 2,521 Thread 0x0000751820019a90 DEOPT UNPACKING pc=0x000075180fd8af99 sp=0x0000751825ffd100 mode 2
Event: 2,521 Thread 0x0000751820019a90 Uncommon trap: trap_request=0xffffff45 fr.pc=0x00007518103dc710 relative=0x0000000000000d10
Event: 2,521 Thread 0x0000751820019a90 Uncommon trap: reason=unstable_if action=reinterpret pc=0x00007518103dc710 method=org.codehaus.plexus.util.xml.pull.MXParser.nextImpl()I @ 1167 c2
Event: 2,521 Thread 0x0000751820019a90 DEOPT PACKING pc=0x00007518103dc710 sp=0x0000751825ffd140
Event: 2,521 Thread 0x0000751820019a90 DEOPT UNPACKING pc=0x000075180fd8af99 sp=0x0000751825ffd0e8 mode 2
Event: 2,523 Thread 0x0000751820019a90 Uncommon trap: trap_request=0xffffff45 fr.pc=0x00007518103d35d4 relative=0x0000000000000c54
Event: 2,523 Thread 0x0000751820019a90 Uncommon trap: reason=unstable_if action=reinterpret pc=0x00007518103d35d4 method=org.codehaus.plexus.util.xml.pull.MXParser.nextImpl()I @ 1167 c2
Event: 2,523 Thread 0x0000751820019a90 DEOPT PACKING pc=0x00007518103d35d4 sp=0x0000751825ffd140
Event: 2,523 Thread 0x0000751820019a90 DEOPT UNPACKING pc=0x000075180fd8af99 sp=0x0000751825ffd0e8 mode 2
Event: 2,558 Thread 0x0000751820019a90 Uncommon trap: trap_request=0xffffff45 fr.pc=0x000075181033de70 relative=0x0000000000000350
Event: 2,558 Thread 0x0000751820019a90 Uncommon trap: reason=unstable_if action=reinterpret pc=0x000075181033de70 method=java.lang.StringUTF16.compress([CII)[B @ 13 c2
Event: 2,558 Thread 0x0000751820019a90 DEOPT PACKING pc=0x000075181033de70 sp=0x0000751825ffca10
Event: 2,558 Thread 0x0000751820019a90 DEOPT UNPACKING pc=0x000075180fd8af99 sp=0x0000751825ffc950 mode 2

Classes loaded (20 events):
Event: 2,370 Loading class java/nio/channels/spi/AbstractInterruptibleChannel$1
Event: 2,370 Loading class sun/nio/ch/Interruptible
Event: 2,370 Loading class sun/nio/ch/Interruptible done
Event: 2,370 Loading class java/nio/channels/spi/AbstractInterruptibleChannel$1 done
Event: 2,371 Loading class java/util/AbstractMap$2
Event: 2,371 Loading class java/util/AbstractMap$2 done
Event: 2,371 Loading class java/util/AbstractMap$2$1
Event: 2,371 Loading class java/util/AbstractMap$2$1 done
Event: 2,407 Loading class java/util/stream/Streams$RangeIntSpliterator
Event: 2,407 Loading class java/util/stream/Streams$RangeIntSpliterator done
Event: 2,425 Loading class java/util/stream/MatchOps$MatchKind
Event: 2,425 Loading class java/util/stream/MatchOps$MatchKind done
Event: 2,425 Loading class java/util/stream/MatchOps
Event: 2,425 Loading class java/util/stream/MatchOps done
Event: 2,425 Loading class java/util/stream/MatchOps$MatchOp
Event: 2,425 Loading class java/util/stream/MatchOps$MatchOp done
Event: 2,425 Loading class java/util/stream/MatchOps$BooleanTerminalSink
Event: 2,426 Loading class java/util/stream/MatchOps$BooleanTerminalSink done
Event: 2,426 Loading class java/util/stream/MatchOps$1MatchSink
Event: 2,426 Loading class java/util/stream/MatchOps$1MatchSink done

Classes unloaded (0 events):
No events

Classes redefined (0 events):
No events

Internal exceptions (20 events):
Event: 0,612 Thread 0x0000751820019a90 Exception <a 'java/lang/NoSuchMethodError'{0x00000000cf2199b8}: 'int java.lang.invoke.DirectMethodHandle$Holder.invokeStaticInit(java.lang.Object, java.lang.Object)'> (0x00000000cf2199b8) 
thrown [./src/hotspot/share/interpreter/linkResolver.cpp, line 772]
Event: 0,619 Thread 0x0000751820019a90 Exception <a 'java/lang/NoClassDefFoundError'{0x00000000cf24dc48}: javax/enterprise/inject/Typed> (0x00000000cf24dc48) 
thrown [./src/hotspot/share/classfile/systemDictionary.cpp, line 301]
Event: 1,567 Thread 0x0000751820019a90 Exception <a 'java/lang/NoSuchMethodError'{0x00000000ce70e490}: 'void java.lang.invoke.DirectMethodHandle$Holder.invokeStaticInit(java.lang.Object, java.lang.Object, java.lang.Object)'> (0x00000000ce70e490) 
thrown [./src/hotspot/share/interpreter/linkResolver.cpp, line 772]
Event: 1,570 Thread 0x0000751820019a90 Exception <a 'java/lang/ExceptionInInitializerError'{0x00000000ce736608}> (0x00000000ce736608) 
thrown [./src/hotspot/share/oops/instanceKlass.cpp, line 1220]
Event: 1,597 Thread 0x0000751820019a90 Exception <a 'java/lang/NoSuchMethodError'{0x00000000ce63f660}: 'long java.lang.invoke.DirectMethodHandle$Holder.invokeStatic(java.lang.Object, java.lang.Object, int)'> (0x00000000ce63f660) 
thrown [./src/hotspot/share/interpreter/linkResolver.cpp, line 772]
Event: 1,600 Thread 0x0000751820019a90 Exception <a 'java/lang/NoSuchMethodError'{0x00000000ce652a18}: 'java.lang.Object java.lang.invoke.DirectMethodHandle$Holder.invokeStatic(java.lang.Object, java.lang.Object, java.lang.Object, java.lang.Object, int)'> (0x00000000ce652a18) 
thrown [./src/hotspot/share/interpreter/linkResolver.cpp, line 772]
Event: 1,601 Thread 0x0000751820019a90 Exception <a 'java/lang/NoSuchMethodError'{0x00000000ce65abf0}: 'java.lang.Object java.lang.invoke.DirectMethodHandle$Holder.invokeSpecial(java.lang.Object, java.lang.Object, java.lang.Object, java.lang.Object, long)'> (0x00000000ce65abf0) 
thrown [./src/hotspot/share/interpreter/linkResolver.cpp, line 772]
Event: 1,603 Thread 0x0000751820019a90 Exception <a 'java/lang/NoSuchMethodError'{0x00000000ce666768}: 'java.lang.Object java.lang.invoke.DirectMethodHandle$Holder.invokeSpecial(java.lang.Object, java.lang.Object, java.lang.Object, int, java.lang.Object)'> (0x00000000ce666768) 
thrown [./src/hotspot/share/interpreter/linkResolver.cpp, line 772]
Event: 1,605 Thread 0x0000751820019a90 Exception <a 'java/lang/NoSuchMethodError'{0x00000000ce66eab8}: 'int java.lang.invoke.DirectMethodHandle$Holder.invokeSpecial(java.lang.Object, java.lang.Object, java.lang.Object, int)'> (0x00000000ce66eab8) 
thrown [./src/hotspot/share/interpreter/linkResolver.cpp, line 772]
Event: 1,610 Thread 0x0000751820019a90 Implicit null exception at 0x0000751810364f3d to 0x00007518103650d0
Event: 1,612 Thread 0x0000751820019a90 Exception <a 'java/lang/NoSuchMethodError'{0x00000000ce6932c0}: 'java.lang.Object java.lang.invoke.Invokers$Holder.invokeExact_MT(java.lang.Object, int, java.lang.Object)'> (0x00000000ce6932c0) 
thrown [./src/hotspot/share/interpreter/linkResolver.cpp, line 772]
Event: 1,932 Thread 0x0000751820019a90 Exception <a 'java/lang/NoSuchMethodError'{0x00000000cde90758}: 'void java.lang.invoke.Invokers$Holder.invokeExact_MT(java.lang.Object, java.lang.Object, java.lang.Object, java.lang.Object)'> (0x00000000cde90758) 
thrown [./src/hotspot/share/interpreter/linkResolver.cpp, line 772]
Event: 1,958 Thread 0x0000751820019a90 Exception <a 'java/lang/NoClassDefFoundError'{0x00000000cdd20408}: com/google/inject/servlet/ServletModuleTargetVisitor> (0x00000000cdd20408) 
thrown [./src/hotspot/share/classfile/systemDictionary.cpp, line 301]
Event: 2,053 Thread 0x0000751820019a90 Exception <a 'java/lang/NoSuchMethodError'{0x00000000cdbc2288}: 'void java.lang.invoke.DirectMethodHandle$Holder.invokeVirtual(java.lang.Object, java.lang.Object)'> (0x00000000cdbc2288) 
thrown [./src/hotspot/share/interpreter/linkResolver.cpp, line 772]
Event: 2,264 Thread 0x0000751820019a90 Exception <a 'java/lang/NoSuchMethodError'{0x00000000cf112978}: 'void java.lang.invoke.DirectMethodHandle$Holder.invokeSpecial(java.lang.Object, java.lang.Object, java.lang.Object, java.lang.Object, java.lang.Object)'> (0x00000000cf112978) 
thrown [./src/hotspot/share/interpreter/linkResolver.cpp, line 772]
Event: 2,267 Thread 0x0000751820019a90 Exception <a 'java/lang/NoSuchMethodError'{0x00000000cf12c9e8}: 'java.lang.Object java.lang.invoke.DirectMethodHandle$Holder.invokeVirtual(java.lang.Object, java.lang.Object, java.lang.Object)'> (0x00000000cf12c9e8) 
thrown [./src/hotspot/share/interpreter/linkResolver.cpp, line 772]
Event: 2,268 Thread 0x0000751820019a90 Exception <a 'java/lang/NoSuchMethodError'{0x00000000cf139d88}: 'void java.lang.invoke.DirectMethodHandle$Holder.invokeSpecial(java.lang.Object, java.lang.Object, java.lang.Object, java.lang.Object, java.lang.Object, java.lang.Object)'> (0x00000000cf139d88) 
thrown [./src/hotspot/share/interpreter/linkResolver.cpp, line 772]
Event: 2,311 Thread 0x0000751820019a90 Exception <a 'java/lang/NoSuchMethodError'{0x00000000cf0bb340}: 'void java.lang.invoke.DirectMethodHandle$Holder.invokeVirtual(java.lang.Object, java.lang.Object, int)'> (0x00000000cf0bb340) 
thrown [./src/hotspot/share/interpreter/linkResolver.cpp, line 772]
Event: 2,312 Thread 0x0000751820019a90 Exception <a 'java/lang/NoSuchMethodError'{0x00000000cf0bf150}: 'void java.lang.invoke.DirectMethodHandle$Holder.invokeSpecial(java.lang.Object, java.lang.Object, java.lang.Object, int)'> (0x00000000cf0bf150) 
thrown [./src/hotspot/share/interpreter/linkResolver.cpp, line 772]
Event: 2,312 Thread 0x0000751820019a90 Exception <a 'java/lang/NoSuchMethodError'{0x00000000cf0c2830}: 'void java.lang.invoke.DelegatingMethodHandle$Holder.reinvoke_L(java.lang.Object, java.lang.Object, int)'> (0x00000000cf0c2830) 
thrown [./src/hotspot/share/interpreter/linkResolver.cpp, line 772]

ZGC Phase Switch (0 events):
No events

VM Operations (20 events):
Event: 1,655 Executing VM operation: HandshakeAllThreads (Deoptimize)
Event: 1,655 Executing VM operation: HandshakeAllThreads (Deoptimize) done
Event: 1,715 Executing VM operation: HandshakeAllThreads (Deoptimize)
Event: 1,715 Executing VM operation: HandshakeAllThreads (Deoptimize) done
Event: 1,926 Executing VM operation: HandshakeAllThreads (Deoptimize)
Event: 1,926 Executing VM operation: HandshakeAllThreads (Deoptimize) done
Event: 1,993 Executing VM operation: ICBufferFull
Event: 1,993 Executing VM operation: ICBufferFull done
Event: 2,064 Executing VM operation: HandshakeAllThreads (Deoptimize)
Event: 2,065 Executing VM operation: HandshakeAllThreads (Deoptimize) done
Event: 2,116 Executing VM operation: HandshakeAllThreads (Deoptimize)
Event: 2,116 Executing VM operation: HandshakeAllThreads (Deoptimize) done
Event: 2,117 Executing VM operation: G1CollectForAllocation (G1 Evacuation Pause)
Event: 2,128 Executing VM operation: G1CollectForAllocation (G1 Evacuation Pause) done
Event: 2,182 Executing VM operation: HandshakeAllThreads (Deoptimize)
Event: 2,182 Executing VM operation: HandshakeAllThreads (Deoptimize) done
Event: 2,230 Executing VM operation: HandshakeAllThreads (Deoptimize)
Event: 2,230 Executing VM operation: HandshakeAllThreads (Deoptimize) done
Event: 2,231 Executing VM operation: HandshakeAllThreads (Deoptimize)
Event: 2,231 Executing VM operation: HandshakeAllThreads (Deoptimize) done

Memory protections (12 events):
Event: 0,002 Protecting memory [0x0000751825f00000,0x0000751825f04000] with protection modes 0
Event: 0,028 Protecting memory [0x0000751808100000,0x0000751808104000] with protection modes 0
Event: 0,028 Protecting memory [0x0000751808000000,0x0000751808004000] with protection modes 0
Event: 0,029 Protecting memory [0x00007517f9f00000,0x00007517f9f04000] with protection modes 0
Event: 0,029 Protecting memory [0x00007517f9e00000,0x00007517f9e04000] with protection modes 0
Event: 0,029 Protecting memory [0x00007517f9d00000,0x00007517f9d04000] with protection modes 0
Event: 0,029 Protecting memory [0x00007517f9c00000,0x00007517f9c04000] with protection modes 0
Event: 0,029 Protecting memory [0x00007517f9b00000,0x00007517f9b04000] with protection modes 0
Event: 0,033 Protecting memory [0x00007517f9a00000,0x00007517f9a04000] with protection modes 0
Event: 0,035 Protecting memory [0x00007517f9900000,0x00007517f9904000] with protection modes 0
Event: 0,147 Protecting memory [0x00007517f9800000,0x00007517f9804000] with protection modes 0
Event: 0,374 Protecting memory [0x00007517f9800000,0x00007517f9804000] with protection modes 0

Nmethod flushes (0 events):
No events

Events (13 events):
Event: 0,017 Thread 0x0000751820019a90 Thread added: 0x0000751820019a90
Event: 0,028 Thread 0x0000751820019a90 Thread added: 0x00007518200ce6a0
Event: 0,028 Thread 0x0000751820019a90 Thread added: 0x00007518200cfd30
Event: 0,029 Thread 0x0000751820019a90 Thread added: 0x00007518200d14d0
Event: 0,029 Thread 0x0000751820019a90 Thread added: 0x00007518200d2b10
Event: 0,029 Thread 0x0000751820019a90 Thread added: 0x00007518200d40b0
Event: 0,029 Thread 0x0000751820019a90 Thread added: 0x00007518200d5bf0
Event: 0,029 Thread 0x0000751820019a90 Thread added: 0x00007518200d72b0
Event: 0,033 Thread 0x0000751820019a90 Thread added: 0x00007518201130f0
Event: 0,035 Thread 0x0000751820019a90 Thread added: 0x0000751820116420
Event: 0,147 Thread 0x0000751820019a90 Thread added: 0x000075182030f340
Event: 0,155 Thread 0x000075182030f340 Thread exited: 0x000075182030f340
Event: 0,374 Thread 0x00007518200d72b0 Thread added: 0x0000751780168990


Dynamic libraries:
cc200000-cf600000 rw-p 00000000 00:00 0 
cf600000-ffe00000 ---p 00000000 00:00 0 
ffe00000-fff0d000 rw-p 00cd6000 08:02 5138927                            /usr/lib/jvm/java-21-openjdk-amd64/lib/server/classes.jsa
fff0d000-100000000 rw-p 00000000 00:00 0 
61ac977ae000-61ac977af000 r--p 00000000 08:02 5134049                    /usr/lib/jvm/java-21-openjdk-amd64/bin/java
61ac977af000-61ac977b0000 r-xp 00001000 08:02 5134049                    /usr/lib/jvm/java-21-openjdk-amd64/bin/java
61ac977b0000-61ac977b1000 r--p 00002000 08:02 5134049                    /usr/lib/jvm/java-21-openjdk-amd64/bin/java
61ac977b1000-61ac977b2000 r--p 00002000 08:02 5134049                    /usr/lib/jvm/java-21-openjdk-amd64/bin/java
61ac977b2000-61ac977b3000 rw-p 00003000 08:02 5134049                    /usr/lib/jvm/java-21-openjdk-amd64/bin/java
61acaf947000-61acaf98e000 rw-p 00000000 00:00 0                          [heap]
751768000000-751768021000 rw-p 00000000 00:00 0 
751768021000-75176c000000 ---p 00000000 00:00 0 
751770000000-751770021000 rw-p 00000000 00:00 0 
751770021000-751774000000 ---p 00000000 00:00 0 
751774000000-751774021000 rw-p 00000000 00:00 0 
751774021000-751778000000 ---p 00000000 00:00 0 
751778000000-751778021000 rw-p 00000000 00:00 0 
751778021000-75177c000000 ---p 00000000 00:00 0 
75177c000000-75177c6e6000 rw-p 00000000 00:00 0 
75177c6e6000-751780000000 ---p 00000000 00:00 0 
751780000000-75178045a000 rw-p 00000000 00:00 0 
75178045a000-751784000000 ---p 00000000 00:00 0 
751784000000-751784021000 rw-p 00000000 00:00 0 
751784021000-751788000000 ---p 00000000 00:00 0 
751788000000-751788021000 rw-p 00000000 00:00 0 
751788021000-75178c000000 ---p 00000000 00:00 0 
75178c000000-75178c667000 rw-p 00000000 00:00 0 
75178c667000-751790000000 ---p 00000000 00:00 0 
751790000000-751790021000 rw-p 00000000 00:00 0 
751790021000-751794000000 ---p 00000000 00:00 0 
751794000000-751794021000 rw-p 00000000 00:00 0 
751794021000-751798000000 ---p 00000000 00:00 0 
751798000000-751798021000 rw-p 00000000 00:00 0 
751798021000-75179c000000 ---p 00000000 00:00 0 
75179c000000-75179c021000 rw-p 00000000 00:00 0 
75179c021000-7517a0000000 ---p 00000000 00:00 0 
7517a0000000-7517a0021000 rw-p 00000000 00:00 0 
7517a0021000-7517a4000000 ---p 00000000 00:00 0 
7517a7000000-7517a7390000 rw-p 00000000 00:00 0 
7517a7390000-7517a7400000 ---p 00000000 00:00 0 
7517a7400000-7517a7e00000 rw-p 00000000 00:00 0 
7517a7e00000-7517ab000000 ---p 00000000 00:00 0 
7517ab000000-7517abc97000 rw-p 00001000 08:02 5138927                    /usr/lib/jvm/java-21-openjdk-amd64/lib/server/classes.jsa
7517abc97000-7517ac000000 ---p 00000000 00:00 0 
7517ac000000-7517ac030000 rw-p 00000000 00:00 0 
7517ac030000-7517ac070000 rw-p 00000000 00:00 0 
7517ac070000-7517ac1b0000 rw-p 00000000 00:00 0 
7517ac1b0000-7517ac1d0000 rw-p 00000000 00:00 0 
7517ac1d0000-7517ac200000 ---p 00000000 00:00 0 
7517ac200000-7517ac210000 rw-p 00000000 00:00 0 
7517ac210000-7517ec000000 ---p 00000000 00:00 0 
7517ec000000-7517ec021000 rw-p 00000000 00:00 0 
7517ec021000-7517f0000000 ---p 00000000 00:00 0 
7517f0000000-7517f0021000 rw-p 00000000 00:00 0 
7517f0021000-7517f4000000 ---p 00000000 00:00 0 
7517f4000000-7517f4021000 rw-p 00000000 00:00 0 
7517f4021000-7517f8000000 ---p 00000000 00:00 0 
7517f8d9d000-7517f91fe000 rw-p 00000000 00:00 0 
7517f91fe000-7517f91ff000 ---p 00000000 00:00 0 
7517f91ff000-7517f92ff000 rw-p 00000000 00:00 0 
7517f92ff000-7517f9300000 ---p 00000000 00:00 0 
7517f9300000-7517f9400000 rw-p 00000000 00:00 0 
7517f9400000-7517f9403000 r-xp 00000000 00:27 1527                       /tmp/jansi-2.4.1-37cc114faf317c87-libjansi.so
7517f9403000-7517f9602000 ---p 00003000 00:27 1527                       /tmp/jansi-2.4.1-37cc114faf317c87-libjansi.so
7517f9602000-7517f9603000 r--p 00002000 00:27 1527                       /tmp/jansi-2.4.1-37cc114faf317c87-libjansi.so
7517f9603000-7517f9604000 rw-p 00003000 00:27 1527                       /tmp/jansi-2.4.1-37cc114faf317c87-libjansi.so
7517f96ff000-7517f9700000 ---p 00000000 00:00 0 
7517f9700000-7517f9800000 rw-p 00000000 00:00 0 
7517f9800000-7517f9804000 ---p 00000000 00:00 0 
7517f9804000-7517f9900000 rw-p 00000000 00:00 0 
7517f9900000-7517f9904000 ---p 00000000 00:00 0 
7517f9904000-7517f9a00000 rw-p 00000000 00:00 0 
7517f9a00000-7517f9a04000 ---p 00000000 00:00 0 
7517f9a04000-7517f9b00000 rw-p 00000000 00:00 0 
7517f9b00000-7517f9b04000 ---p 00000000 00:00 0 
7517f9b04000-7517f9c00000 rw-p 00000000 00:00 0 
7517f9c00000-7517f9c04000 ---p 00000000 00:00 0 
7517f9c04000-7517f9d00000 rw-p 00000000 00:00 0 
7517f9d00000-7517f9d04000 ---p 00000000 00:00 0 
7517f9d04000-7517f9e00000 rw-p 00000000 00:00 0 
7517f9e00000-7517f9e04000 ---p 00000000 00:00 0 
7517f9e04000-7517f9f00000 rw-p 00000000 00:00 0 
7517f9f00000-7517f9f04000 ---p 00000000 00:00 0 
7517f9f04000-7517fa000000 rw-p 00000000 00:00 0 
7517fa000000-7517fc021000 rw-p 00000000 00:00 0 
7517fc021000-751800000000 ---p 00000000 00:00 0 
751800000000-751800021000 rw-p 00000000 00:00 0 
751800021000-751804000000 ---p 00000000 00:00 0 
751804000000-751804021000 rw-p 00000000 00:00 0 
751804021000-751808004000 ---p 00000000 00:00 0 
751808004000-751808100000 rw-p 00000000 00:00 0 
751808100000-751808104000 ---p 00000000 00:00 0 
751808104000-751808200000 rw-p 00000000 00:00 0 
751808200000-751808500000 r--p 00000000 08:02 4723090                    /usr/lib/locale/locale-archive
7518085fe000-7518085ff000 ---p 00000000 00:00 0 
7518085ff000-7518086ff000 rw-p 00000000 00:00 0 
7518086ff000-751808700000 ---p 00000000 00:00 0 
751808700000-751808800000 rw-p 00000000 00:00 0 
751808800000-751808dc0000 rwxp 00000000 00:00 0 
751808dc0000-75180fd37000 ---p 00000000 00:00 0 
75180fd37000-75180ffa7000 rwxp 00000000 00:00 0 
75180ffa7000-7518102c8000 ---p 00000000 00:00 0 
7518102c8000-751810538000 rwxp 00000000 00:00 0 
751810538000-751817800000 ---p 00000000 00:00 0 
751817800000-75181fe20000 r--s 00000000 08:02 5138925                    /usr/lib/jvm/java-21-openjdk-amd64/lib/modules
75181fe2e000-75181fe33000 r--p 00000000 08:02 5138907                    /usr/lib/jvm/java-21-openjdk-amd64/lib/libjsvml.so
75181fe33000-75181fe74000 r-xp 00005000 08:02 5138907                    /usr/lib/jvm/java-21-openjdk-amd64/lib/libjsvml.so
75181fe74000-75181fefd000 r--p 00046000 08:02 5138907                    /usr/lib/jvm/java-21-openjdk-amd64/lib/libjsvml.so
75181fefd000-75181fefe000 r--p 000ce000 08:02 5138907                    /usr/lib/jvm/java-21-openjdk-amd64/lib/libjsvml.so
75181fefe000-75181feff000 rw-p 000cf000 08:02 5138907                    /usr/lib/jvm/java-21-openjdk-amd64/lib/libjsvml.so
75181feff000-75181ff00000 ---p 00000000 00:00 0 
75181ff00000-751820000000 rw-p 00000000 00:00 0 
751820000000-7518209b9000 rw-p 00000000 00:00 0 
7518209b9000-751824000000 ---p 00000000 00:00 0 
75182400c000-7518240e8000 rw-p 00000000 00:00 0 
7518240e8000-7518240e9000 ---p 00000000 00:00 0 
7518240e9000-7518241e9000 rw-p 00000000 00:00 0 
7518241e9000-7518245ed000 rw-p 00000000 00:00 0 
7518245ed000-7518245ee000 ---p 00000000 00:00 0 
7518245ee000-7518246ee000 rw-p 00000000 00:00 0 
7518246ee000-7518246ef000 ---p 00000000 00:00 0 
7518246ef000-7518247ef000 rw-p 00000000 00:00 0 
7518247ef000-7518247f0000 ---p 00000000 00:00 0 
7518247f0000-7518248f0000 rw-p 00000000 00:00 0 
7518248f0000-7518249c0000 rw-p 00000000 00:00 0 
7518249c0000-7518255e0000 ---p 00000000 00:00 0 
7518255e0000-7518255e4000 rw-p 00000000 00:00 0 
7518255e4000-751825602000 rw-p 00000000 00:00 0 
751825602000-751825786000 ---p 00000000 00:00 0 
751825786000-7518257a1000 rw-p 00000000 00:00 0 
7518257a1000-751825925000 ---p 00000000 00:00 0 
751825925000-751825d2f000 rw-p 00000000 00:00 0 
751825d2f000-751825e15000 ---p 00000000 00:00 0 
751825e15000-751825e21000 rw-p 00000000 00:00 0 
751825e21000-751825f00000 ---p 00000000 00:00 0 
751825f00000-751825f04000 ---p 00000000 00:00 0 
751825f04000-751826000000 rw-p 00000000 00:00 0 
751826000000-75182609d000 r--p 00000000 08:02 4745723                    /usr/lib/x86_64-linux-gnu/libstdc++.so.6.0.33
75182609d000-7518261e5000 r-xp 0009d000 08:02 4745723                    /usr/lib/x86_64-linux-gnu/libstdc++.so.6.0.33
7518261e5000-75182626c000 r--p 001e5000 08:02 4745723                    /usr/lib/x86_64-linux-gnu/libstdc++.so.6.0.33
75182626c000-751826277000 r--p 0026b000 08:02 4745723                    /usr/lib/x86_64-linux-gnu/libstdc++.so.6.0.33
751826277000-75182627a000 rw-p 00276000 08:02 4745723                    /usr/lib/x86_64-linux-gnu/libstdc++.so.6.0.33
75182627a000-75182627e000 rw-p 00000000 00:00 0 
7518262a0000-7518262a7000 r--s 00000000 08:02 4721742                    /usr/lib/x86_64-linux-gnu/gconv/gconv-modules.cache
7518262a7000-7518262ab000 r--p 00000000 08:02 5138922                    /usr/lib/jvm/java-21-openjdk-amd64/lib/libverify.so
7518262ab000-7518262b3000 r-xp 00004000 08:02 5138922                    /usr/lib/jvm/java-21-openjdk-amd64/lib/libverify.so
7518262b3000-7518262b5000 r--p 0000c000 08:02 5138922                    /usr/lib/jvm/java-21-openjdk-amd64/lib/libverify.so
7518262b5000-7518262b7000 r--p 0000d000 08:02 5138922                    /usr/lib/jvm/java-21-openjdk-amd64/lib/libverify.so
7518262b7000-7518262b8000 rw-p 0000f000 08:02 5138922                    /usr/lib/jvm/java-21-openjdk-amd64/lib/libverify.so
7518262b8000-7518262ba000 r--p 00000000 08:02 5138923                    /usr/lib/jvm/java-21-openjdk-amd64/lib/libzip.so
7518262ba000-7518262bf000 r-xp 00002000 08:02 5138923                    /usr/lib/jvm/java-21-openjdk-amd64/lib/libzip.so
7518262bf000-7518262c1000 r--p 00007000 08:02 5138923                    /usr/lib/jvm/java-21-openjdk-amd64/lib/libzip.so
7518262c1000-7518262c2000 r--p 00008000 08:02 5138923                    /usr/lib/jvm/java-21-openjdk-amd64/lib/libzip.so
7518262c2000-7518262c3000 rw-p 00009000 08:02 5138923                    /usr/lib/jvm/java-21-openjdk-amd64/lib/libzip.so
7518262c3000-7518262c6000 r--p 00000000 08:02 5138914                    /usr/lib/jvm/java-21-openjdk-amd64/lib/libnet.so
7518262c6000-7518262ce000 r-xp 00003000 08:02 5138914                    /usr/lib/jvm/java-21-openjdk-amd64/lib/libnet.so
7518262ce000-7518262d0000 r--p 0000b000 08:02 5138914                    /usr/lib/jvm/java-21-openjdk-amd64/lib/libnet.so
7518262d0000-7518262d1000 r--p 0000c000 08:02 5138914                    /usr/lib/jvm/java-21-openjdk-amd64/lib/libnet.so
7518262d1000-7518262d2000 rw-p 0000d000 08:02 5138914                    /usr/lib/jvm/java-21-openjdk-amd64/lib/libnet.so
7518262d2000-751826313000 rw-p 00000000 00:00 0 
751826313000-751826323000 r--p 00000000 08:02 4721756                    /usr/lib/x86_64-linux-gnu/libm.so.6
751826323000-7518263a5000 r-xp 00010000 08:02 4721756                    /usr/lib/x86_64-linux-gnu/libm.so.6
7518263a5000-7518263fe000 r--p 00092000 08:02 4721756                    /usr/lib/x86_64-linux-gnu/libm.so.6
7518263fe000-7518263ff000 r--p 000ea000 08:02 4721756                    /usr/lib/x86_64-linux-gnu/libm.so.6
7518263ff000-751826400000 rw-p 000eb000 08:02 4721756                    /usr/lib/x86_64-linux-gnu/libm.so.6
751826400000-7518266a8000 r--p 00000000 08:02 5138930                    /usr/lib/jvm/java-21-openjdk-amd64/lib/server/libjvm.so
7518266a8000-751827565000 r-xp 002a8000 08:02 5138930                    /usr/lib/jvm/java-21-openjdk-amd64/lib/server/libjvm.so
751827565000-75182783c000 r--p 01165000 08:02 5138930                    /usr/lib/jvm/java-21-openjdk-amd64/lib/server/libjvm.so
75182783c000-751827912000 r--p 0143b000 08:02 5138930                    /usr/lib/jvm/java-21-openjdk-amd64/lib/server/libjvm.so
751827912000-751827942000 rw-p 01511000 08:02 5138930                    /usr/lib/jvm/java-21-openjdk-amd64/lib/server/libjvm.so
751827942000-7518279a8000 rw-p 00000000 00:00 0 
7518279aa000-7518279b1000 r--p 00000000 08:02 5138915                    /usr/lib/jvm/java-21-openjdk-amd64/lib/libnio.so
7518279b1000-7518279ba000 r-xp 00007000 08:02 5138915                    /usr/lib/jvm/java-21-openjdk-amd64/lib/libnio.so
7518279ba000-7518279be000 r--p 00010000 08:02 5138915                    /usr/lib/jvm/java-21-openjdk-amd64/lib/libnio.so
7518279be000-7518279bf000 r--p 00014000 08:02 5138915                    /usr/lib/jvm/java-21-openjdk-amd64/lib/libnio.so
7518279bf000-7518279c0000 rw-p 00015000 08:02 5138915                    /usr/lib/jvm/java-21-openjdk-amd64/lib/libnio.so
7518279c0000-7518279dc000 rw-p 00000000 00:00 0 
7518279dc000-7518279e9000 r--p 00000000 08:02 5138900                    /usr/lib/jvm/java-21-openjdk-amd64/lib/libjava.so
7518279e9000-7518279f8000 r-xp 0000d000 08:02 5138900                    /usr/lib/jvm/java-21-openjdk-amd64/lib/libjava.so
7518279f8000-7518279fd000 r--p 0001c000 08:02 5138900                    /usr/lib/jvm/java-21-openjdk-amd64/lib/libjava.so
7518279fd000-7518279fe000 r--p 00021000 08:02 5138900                    /usr/lib/jvm/java-21-openjdk-amd64/lib/libjava.so
7518279fe000-7518279ff000 rw-p 00022000 08:02 5138900                    /usr/lib/jvm/java-21-openjdk-amd64/lib/libjava.so
7518279ff000-751827a00000 rw-p 00000000 00:00 0 
751827a00000-751827a28000 r--p 00000000 08:02 4721753                    /usr/lib/x86_64-linux-gnu/libc.so.6
751827a28000-751827bbe000 r-xp 00028000 08:02 4721753                    /usr/lib/x86_64-linux-gnu/libc.so.6
751827bbe000-751827c0d000 r--p 001be000 08:02 4721753                    /usr/lib/x86_64-linux-gnu/libc.so.6
751827c0d000-751827c11000 r--p 0020c000 08:02 4721753                    /usr/lib/x86_64-linux-gnu/libc.so.6
751827c11000-751827c13000 rw-p 00210000 08:02 4721753                    /usr/lib/x86_64-linux-gnu/libc.so.6
751827c13000-751827c20000 rw-p 00000000 00:00 0 
751827c24000-751827c28000 r--p 00000000 08:02 4745315                    /usr/lib/x86_64-linux-gnu/libgcc_s.so.1
751827c28000-751827c4c000 r-xp 00004000 08:02 4745315                    /usr/lib/x86_64-linux-gnu/libgcc_s.so.1
751827c4c000-751827c50000 r--p 00028000 08:02 4745315                    /usr/lib/x86_64-linux-gnu/libgcc_s.so.1
751827c50000-751827c51000 r--p 0002b000 08:02 4745315                    /usr/lib/x86_64-linux-gnu/libgcc_s.so.1
751827c51000-751827c52000 rw-p 0002c000 08:02 4745315                    /usr/lib/x86_64-linux-gnu/libgcc_s.so.1
751827c52000-751827c54000 rw-p 00000000 00:00 0 
751827c54000-751827c56000 r--p 00000000 08:02 5138904                    /usr/lib/jvm/java-21-openjdk-amd64/lib/libjli.so
751827c56000-751827c60000 r-xp 00002000 08:02 5138904                    /usr/lib/jvm/java-21-openjdk-amd64/lib/libjli.so
751827c60000-751827c63000 r--p 0000c000 08:02 5138904                    /usr/lib/jvm/java-21-openjdk-amd64/lib/libjli.so
751827c63000-751827c64000 r--p 0000f000 08:02 5138904                    /usr/lib/jvm/java-21-openjdk-amd64/lib/libjli.so
751827c64000-751827c65000 rw-p 00010000 08:02 5138904                    /usr/lib/jvm/java-21-openjdk-amd64/lib/libjli.so
751827c65000-751827c68000 r--p 00000000 08:02 4745870                    /usr/lib/x86_64-linux-gnu/libz.so.1.3.1
751827c68000-751827c7b000 r-xp 00003000 08:02 4745870                    /usr/lib/x86_64-linux-gnu/libz.so.1.3.1
751827c7b000-751827c81000 r--p 00016000 08:02 4745870                    /usr/lib/x86_64-linux-gnu/libz.so.1.3.1
751827c81000-751827c82000 r--p 0001c000 08:02 4745870                    /usr/lib/x86_64-linux-gnu/libz.so.1.3.1
751827c82000-751827c83000 rw-p 0001d000 08:02 4745870                    /usr/lib/x86_64-linux-gnu/libz.so.1.3.1
751827c85000-751827c8a000 rw-p 00000000 00:00 0 
751827c8a000-751827c91000 ---p 00000000 00:00 0 
751827c91000-751827c99000 rw-s 00000000 00:27 1525                       /tmp/hsperfdata_italo/30435
751827c99000-751827c9a000 ---p 00000000 00:00 0 
751827c9a000-751827c9b000 r--p 00000000 00:00 0 
751827c9b000-751827c9c000 ---p 00000000 00:00 0 
751827c9c000-751827c9e000 r--p 00000000 08:02 5138903                    /usr/lib/jvm/java-21-openjdk-amd64/lib/libjimage.so
751827c9e000-751827ca1000 r-xp 00002000 08:02 5138903                    /usr/lib/jvm/java-21-openjdk-amd64/lib/libjimage.so
751827ca1000-751827ca2000 r--p 00005000 08:02 5138903                    /usr/lib/jvm/java-21-openjdk-amd64/lib/libjimage.so
751827ca2000-751827ca3000 r--p 00006000 08:02 5138903                    /usr/lib/jvm/java-21-openjdk-amd64/lib/libjimage.so
751827ca3000-751827ca4000 rw-p 00007000 08:02 5138903                    /usr/lib/jvm/java-21-openjdk-amd64/lib/libjimage.so
751827ca4000-751827ca6000 rw-p 00000000 00:00 0 
751827ca6000-751827caa000 r--p 00000000 00:00 0                          [vvar]
751827caa000-751827cac000 r-xp 00000000 00:00 0                          [vdso]
751827cac000-751827cad000 r--p 00000000 08:02 4721750                    /usr/lib/x86_64-linux-gnu/ld-linux-x86-64.so.2
751827cad000-751827cda000 r-xp 00001000 08:02 4721750                    /usr/lib/x86_64-linux-gnu/ld-linux-x86-64.so.2
751827cda000-751827ce4000 r--p 0002e000 08:02 4721750                    /usr/lib/x86_64-linux-gnu/ld-linux-x86-64.so.2
751827ce4000-751827ce6000 r--p 00038000 08:02 4721750                    /usr/lib/x86_64-linux-gnu/ld-linux-x86-64.so.2
751827ce6000-751827ce8000 rw-p 0003a000 08:02 4721750                    /usr/lib/x86_64-linux-gnu/ld-linux-x86-64.so.2
7fff077d0000-7fff077f1000 rw-p 00000000 00:00 0                          [stack]
ffffffffff600000-ffffffffff601000 --xp 00000000 00:00 0                  [vsyscall]
Total number of mappings: 226


VM Arguments:
jvm_args: -Dclassworlds.conf=/usr/lib/apache-netbeans/java/maven/bin/m2.conf -Dmaven.home=/usr/lib/apache-netbeans/java/maven -Dlibrary.jansi.path=/usr/lib/apache-netbeans/java/maven/lib/jansi-native -Dmaven.multiModuleProjectDirectory=/home/italo/Escritorio/desarrollo/tp2-grupal/Practico_Grupal_2_JPA 
java_command: org.codehaus.plexus.classworlds.launcher.Launcher -Dexec.vmArgs= -Dexec.args=${exec.vmArgs} -classpath %classpath ${exec.mainClass} ${exec.appArgs} -Dexec.executable=/usr/lib/jvm/java-21-openjdk-amd64/bin/java -Dexec.mainClass=com.mycompany.practico_grupal_2_jpa.Practico_Grupal_2_JPA -Dexec.classpathScope=runtime -Dexec.appArgs= -Dmaven.ext.class.path=/usr/lib/apache-netbeans/java/maven-nblib/netbeans-eventspy.jar --no-transfer-progress process-classes org.codehaus.mojo:exec-maven-plugin:3.1.0:exec
java_class_path (initial): /usr/lib/apache-netbeans/java/maven/boot/plexus-classworlds-2.8.0.jar
Launcher Type: SUN_STANDARD

[Global flags]
     intx CICompilerCount                          = 3                                         {product} {ergonomic}
     uint ConcGCThreads                            = 1                                         {product} {ergonomic}
     uint G1ConcRefinementThreads                  = 4                                         {product} {ergonomic}
   size_t G1HeapRegionSize                         = 1048576                                   {product} {ergonomic}
    uintx GCDrainStackTargetSize                   = 64                                        {product} {ergonomic}
   size_t InitialHeapSize                          = 54525952                                  {product} {ergonomic}
   size_t MarkStackSize                            = 4194304                                   {product} {ergonomic}
   size_t MaxHeapSize                              = 870318080                                 {product} {ergonomic}
   size_t MaxNewSize                               = 522190848                                 {product} {ergonomic}
   size_t MinHeapDeltaBytes                        = 1048576                                   {product} {ergonomic}
   size_t MinHeapSize                              = 8388608                                   {product} {ergonomic}
    uintx NonNMethodCodeHeapSize                   = 5832780                                {pd product} {ergonomic}
    uintx NonProfiledCodeHeapSize                  = 122912730                              {pd product} {ergonomic}
    uintx ProfiledCodeHeapSize                     = 122912730                              {pd product} {ergonomic}
    uintx ReservedCodeCacheSize                    = 251658240                              {pd product} {ergonomic}
     bool SegmentedCodeCache                       = true                                      {product} {ergonomic}
   size_t SoftMaxHeapSize                          = 870318080                              {manageable} {ergonomic}
     bool UseCompressedOops                        = true                           {product lp64_product} {ergonomic}
     bool UseG1GC                                  = true                                      {product} {ergonomic}

Logging:
Log output configuration:
 #0: stdout all=warning uptime,level,tags foldmultilines=false
 #1: stderr all=off uptime,level,tags foldmultilines=false

Environment Variables:
JAVA_HOME=/usr/lib/jvm/java-21-openjdk-amd64
PATH=/home/italo/.cabal/bin:/home/italo/.ghcup/bin:/home/italo/.local/bin:/usr/local/sbin:/usr/local/bin:/usr/sbin:/usr/bin:/sbin:/bin:/usr/games:/usr/local/games:/snap/bin
USERNAME=italo
XDG_CACHE_HOME=/home/italo/.cache
XDG_CONFIG_HOME=/home/italo/.config
SHELL=/bin/bash
DISPLAY=:0.0
LANG=es_ES.UTF-8

Active Locale:
LC_ALL=es_ES.UTF-8
LC_COLLATE=es_ES.UTF-8
LC_CTYPE=es_ES.UTF-8
LC_MESSAGES=es_ES.UTF-8
LC_MONETARY=es_ES.UTF-8
LC_NUMERIC=es_ES.UTF-8
LC_TIME=es_ES.UTF-8

Signal Handlers:
   SIGSEGV: crash_handler in libjvm.so, mask=11100100010111111101111111111110, flags=SA_RESTART|SA_SIGINFO, unblocked
    SIGBUS: crash_handler in libjvm.so, mask=11100100010111111101111111111110, flags=SA_RESTART|SA_SIGINFO, unblocked
    SIGFPE: crash_handler in libjvm.so, mask=11100100010111111101111111111110, flags=SA_RESTART|SA_SIGINFO, unblocked
   SIGPIPE: javaSignalHandler in libjvm.so, mask=11100100010111111101111111111110, flags=SA_RESTART|SA_SIGINFO, blocked
   SIGXFSZ: javaSignalHandler in libjvm.so, mask=11100100010111111101111111111110, flags=SA_RESTART|SA_SIGINFO, blocked
    SIGILL: crash_handler in libjvm.so, mask=11100100010111111101111111111110, flags=SA_RESTART|SA_SIGINFO, unblocked
   SIGUSR2: SR_handler in libjvm.so, mask=00100000000000000000000000000000, flags=SA_RESTART|SA_SIGINFO, blocked
    SIGHUP: UserHandler in libjvm.so, mask=11100100010111111101111111111110, flags=SA_RESTART|SA_SIGINFO, blocked
    SIGINT: SIG_IGN, mask=00000000000000000000000000000000, flags=none, blocked
   SIGTERM: UserHandler in libjvm.so, mask=11100100010111111101111111111110, flags=SA_RESTART|SA_SIGINFO, blocked
   SIGQUIT: UserHandler in libjvm.so, mask=11100100010111111101111111111110, flags=SA_RESTART|SA_SIGINFO, blocked
   SIGTRAP: crash_handler in libjvm.so, mask=11100100010111111101111111111110, flags=SA_RESTART|SA_SIGINFO, unblocked


Periodic native trim disabled

---------------  S Y S T E M  ---------------

OS:
DISTRIB_ID=Ubuntu
DISTRIB_RELEASE=24.10
DISTRIB_CODENAME=oracular
DISTRIB_DESCRIPTION="Ubuntu 24.10"
uname: Linux 6.11.0-29-generic #29-Ubuntu SMP PREEMPT_DYNAMIC Fri Jun 13 20:29:41 UTC 2025 x86_64
OS uptime: 1 days 9:35 hours
libc: glibc 2.40 NPTL 2.40 
rlimit (soft/hard): STACK 8192k/infinity , CORE 0k/infinity , NPROC 12939/12939 , NOFILE 1073741816/1073741816 , AS infinity/infinity , CPU infinity/infinity , DATA infinity/infinity , FSIZE infinity/infinity , MEMLOCK 424036k/424036k
load average: 1,94 1,32 1,21

/proc/meminfo:
MemTotal:        3392288 kB
MemFree:          379588 kB
MemAvailable:    1070380 kB
Buffers:           17308 kB
Cached:           902128 kB
SwapCached:         5584 kB
Active:          1474264 kB
Inactive:        1021152 kB
Active(anon):    1325048 kB
Inactive(anon):   328256 kB
Active(file):     149216 kB
Inactive(file):   692896 kB
Unevictable:       27744 kB
Mlocked:             216 kB
SwapTotal:       5890440 kB
SwapFree:        5347436 kB
Zswap:                 0 kB
Zswapped:              0 kB
Dirty:               104 kB
Writeback:             0 kB
AnonPages:       1599764 kB
Mapped:           301748 kB
Shmem:             77296 kB
KReclaimable:      98544 kB
Slab:             251120 kB
SReclaimable:      98544 kB
SUnreclaim:       152576 kB
KernelStack:       12032 kB
PageTables:        26284 kB
SecPageTables:     12468 kB
NFS_Unstable:          0 kB
Bounce:                0 kB
WritebackTmp:          0 kB
CommitLimit:     7586584 kB
Committed_AS:    7877864 kB
VmallocTotal:   34359738367 kB
VmallocUsed:       50504 kB
VmallocChunk:          0 kB
Percpu:             2928 kB
HardwareCorrupted:     0 kB
AnonHugePages:         0 kB
ShmemHugePages:    20480 kB
ShmemPmdMapped:        0 kB
FileHugePages:         0 kB
FilePmdMapped:         0 kB
Unaccepted:            0 kB
HugePages_Total:       0
HugePages_Free:        0
HugePages_Rsvd:        0
HugePages_Surp:        0
Hugepagesize:       2048 kB
Hugetlb:               0 kB
DirectMap4k:      215136 kB
DirectMap2M:     3887104 kB

/sys/kernel/mm/transparent_hugepage/enabled: always [madvise] never
/sys/kernel/mm/transparent_hugepage/hpage_pmd_size: 2097152
/sys/kernel/mm/transparent_hugepage/defrag (defrag/compaction efforts parameter): always defer defer+madvise [madvise] never

Process Memory:
Virtual Size: 3861996K (peak: 3923020K)
Resident Set Size: 133332K (peak: 133332K) (anon: 107908K, file: 25424K, shmem: 0K)
Swapped out: 0K
C-Heap outstanding allocations: 38447K, retained: 5960K
glibc malloc tunables: (default)

/proc/sys/kernel/threads-max (system-wide limit on the number of threads): 25878
/proc/sys/vm/max_map_count (maximum number of memory map areas a process may have): 1048576
/proc/sys/vm/swappiness (control to define how aggressively the kernel swaps out anonymous memory): 60
/proc/sys/kernel/pid_max (system-wide limit on number of process identifiers): 4194304

container (cgroup) information:
container_type: cgroupv2
cpu_cpuset_cpus: not supported
cpu_memory_nodes: not supported
active_processor_count: 4
cpu_quota: no quota
cpu_period: 100000
cpu_shares: no shares
memory_limit_in_bytes: unlimited
memory_and_swap_limit_in_bytes: unlimited
memory_soft_limit_in_bytes: unlimited
memory_usage_in_bytes: 2150596 k
memory_max_usage_in_bytes: not supported
memory_swap_current_in_bytes: 369656 k
memory_swap_max_limit_in_bytes: unlimited
maximum number of tasks: unlimited
current number of tasks: 320

Steal ticks since vm start: 0
Steal ticks percentage since vm start:  0,000

CPU: total 4 (initial active 4) (2 cores per cpu, 2 threads per core) family 6 model 42 stepping 7 microcode 0x2f, cx8, cmov, fxsr, ht, mmx, sse, sse2, sse3, ssse3, sse4.1, sse4.2, popcnt, tsc, tscinvbit, avx, aes, clmul, vzeroupper, clflush, rdtscp
CPU Model and flags from /proc/cpuinfo:
model name	: Intel(R) Core(TM) i7-2620M CPU @ 2.70GHz
flags		: fpu vme de pse tsc msr pae mce cx8 apic sep mtrr pge mca cmov pat pse36 clflush dts acpi mmx fxsr sse sse2 ht tm pbe syscall nx rdtscp lm constant_tsc arch_perfmon pebs bts rep_good nopl xtopology nonstop_tsc cpuid aperfmperf pni pclmulqdq dtes64 monitor ds_cpl vmx smx est tm2 ssse3 cx16 xtpr pdcm pcid sse4_1 sse4_2 x2apic popcnt tsc_deadline_timer aes xsave avx lahf_lm epb pti ssbd ibrs ibpb stibp tpr_shadow flexpriority ept vpid xsaveopt dtherm ida arat pln pts vnmi md_clear flush_l1d

Online cpus: 0-3
Offline cpus: 
BIOS frequency limitation: <Not Available>
Frequency switch latency (ns): 20000
Available cpu frequencies: <Not Available>
Current governor: schedutil
Core performance/turbo boost: <Not Available>

Memory: 4k page, physical 3392288k(1070380k free), swap 5890440k(5347436k free)
Page Sizes: 4k

vm_info: OpenJDK 64-Bit Server VM (21.0.7+6-Ubuntu-0ubuntu124.10) for linux-amd64 JRE (21.0.7+6-Ubuntu-0ubuntu124.10), built on 2025-04-17T05:57:30Z by "buildd" with gcc 14.2.0

END.
